00:00 +0: loading D:/LEARN_FLUTTER/MyFellow4U/test/unit/api_service_test.dart
00:00 +0: D:/LEARN_FLUTTER/MyFellow4U/test/unit/api_service_test.dart: ApiException Tests ApiException should store message and statusCode
00:00 +1: D:/LEARN_FLUTTER/MyFellow4U/test/unit/api_service_test.dart: ApiException Tests ApiException should handle null statusCode
00:00 +2: D:/LEARN_FLUTTER/MyFellow4U/test/unit/api_service_test.dart: NetworkException Tests NetworkException should store message
00:00 +3: D:/LEARN_FLUTTER/MyFellow4U/test/unit/api_service_test.dart: TimeoutException Tests TimeoutException should store message
00:00 +4: D:/LEARN_FLUTTER/MyFellow4U/test/unit/api_service_test.dart: ApiService hasInternet Tests hasInternet should return bool
00:00 +5: D:/LEARN_FLUTTER/MyFellow4U/test/unit/conversation_model_test.dart: Conversation Model Tests fromJson should parse flat JSON correctly
00:00 +6: D:/LEARN_FLUTTER/MyFellow4U/test/unit/conversation_model_test.dart: Conversation Model Tests fromJson should parse nested participant correctly
00:00 +7: D:/LEARN_FLUTTER/MyFellow4U/test/unit/conversation_model_test.dart: Conversation Model Tests fromJson should handle null values
00:00 +8: D:/LEARN_FLUTTER/MyFellow4U/test/unit/conversation_model_test.dart: Conversation Model Tests toJson should convert to JSON correctly
00:00 +9: D:/LEARN_FLUTTER/MyFellow4U/test/unit/conversation_model_test.dart: Conversation Model Tests copyWith should create a copy with updated values
00:00 +10: D:/LEARN_FLUTTER/MyFellow4U/test/unit/conversation_model_test.dart: Conversation Model Tests toString should return formatted string
00:00 +11: D:/LEARN_FLUTTER/MyFellow4U/test/unit/conversation_model_test.dart: Message Model Tests fromJson should parse flat JSON correctly
00:00 +12: D:/LEARN_FLUTTER/MyFellow4U/test/unit/conversation_model_test.dart: Message Model Tests fromJson should parse nested sender correctly
00:00 +13: D:/LEARN_FLUTTER/MyFellow4U/test/unit/conversation_model_test.dart: Message Model Tests fromJson should handle null content
00:00 +14: D:/LEARN_FLUTTER/MyFellow4U/test/unit/conversation_model_test.dart: Message Model Tests toJson should convert to JSON correctly
00:00 +15: D:/LEARN_FLUTTER/MyFellow4U/test/unit/conversation_model_test.dart: Message Model Tests copyWith should create a copy with updated values
00:00 +16: D:/LEARN_FLUTTER/MyFellow4U/test/unit/conversation_model_test.dart: Message Model Tests toString should return formatted string
00:00 +17: D:/LEARN_FLUTTER/MyFellow4U/test/unit/photo_model_test.dart: Photo Model Tests fromJson should parse JSON correctly
00:00 +18: D:/LEARN_FLUTTER/MyFellow4U/test/unit/photo_model_test.dart: Photo Model Tests fromJson should handle null values
00:00 +19: D:/LEARN_FLUTTER/MyFellow4U/test/unit/photo_model_test.dart: Photo Model Tests toJson should convert to JSON correctly
00:00 +20: D:/LEARN_FLUTTER/MyFellow4U/test/unit/photo_model_test.dart: Photo Model Tests toJson should not include null values
00:00 +21: D:/LEARN_FLUTTER/MyFellow4U/test/unit/photo_model_test.dart: Photo Model Tests copyWith should create a copy with updated values
00:00 +22: D:/LEARN_FLUTTER/MyFellow4U/test/unit/photo_model_test.dart: Photo Model Tests toString should return formatted string
00:01 +23: D:/LEARN_FLUTTER/MyFellow4U/test/unit/trip_model_test.dart: Trip Model Tests fromJson should parse JSON correctly
00:01 +24: D:/LEARN_FLUTTER/MyFellow4U/test/unit/trip_model_test.dart: Trip Model Tests fromJson should handle null values
00:01 +25: D:/LEARN_FLUTTER/MyFellow4U/test/unit/trip_model_test.dart: Trip Model Tests fromJson should handle _id field
00:01 +26: D:/LEARN_FLUTTER/MyFellow4U/test/unit/trip_model_test.dart: Trip Model Tests toJson should convert to JSON correctly
00:01 +27: D:/LEARN_FLUTTER/MyFellow4U/test/unit/trip_model_test.dart: Trip Model Tests toJson should not include null values
00:01 +28: D:/LEARN_FLUTTER/MyFellow4U/test/unit/trip_model_test.dart: Trip Model Tests toWishlistMap should convert correctly
00:01 +29: D:/LEARN_FLUTTER/MyFellow4U/test/unit/trip_model_test.dart: Trip Model Tests copyWith should create a copy with updated values
00:01 +30: D:/LEARN_FLUTTER/MyFellow4U/test/unit/trip_model_test.dart: Trip Model Tests toString should return formatted string
00:01 +31: D:/LEARN_FLUTTER/MyFellow4U/test/unit/user_model_test.dart: User Model Tests fromJson should parse JSON correctly
00:01 +32: D:/LEARN_FLUTTER/MyFellow4U/test/unit/user_model_test.dart: User Model Tests fromJson should handle null values
00:01 +33: D:/LEARN_FLUTTER/MyFellow4U/test/unit/user_model_test.dart: User Model Tests toJson should convert to JSON correctly
00:01 +34: D:/LEARN_FLUTTER/MyFellow4U/test/unit/user_model_test.dart: User Model Tests toJson should not include null values
00:01 +35: D:/LEARN_FLUTTER/MyFellow4U/test/unit/user_model_test.dart: User Model Tests copyWith should create a copy with updated values
00:01 +36: D:/LEARN_FLUTTER/MyFellow4U/test/unit/user_model_test.dart: User Model Tests copyWith should preserve original values when not specified
00:01 +37: D:/LEARN_FLUTTER/MyFellow4U/test/unit/user_model_test.dart: User Model Tests toString should return formatted string
00:02 +38: D:/LEARN_FLUTTER/MyFellow4U/test/widget/custom_button_test.dart: CustomButton Widget Tests should display button text
00:03 +39: D:/LEARN_FLUTTER/MyFellow4U/test/widget/custom_text_field_test.dart: CustomTextField Widget Tests should display hint text
00:03 +40: D:/LEARN_FLUTTER/MyFellow4U/test/widget/custom_text_field_test.dart: CustomTextField Widget Tests should display hint text
00:03 +41: D:/LEARN_FLUTTER/MyFellow4U/test/widget/custom_text_field_test.dart: CustomTextField Widget Tests should display hint text
00:03 +42: D:/LEARN_FLUTTER/MyFellow4U/test/widget/custom_text_field_test.dart: CustomTextField Widget Tests should display hint text
00:03 +43: D:/LEARN_FLUTTER/MyFellow4U/test/widget/custom_text_field_test.dart: CustomTextField Widget Tests should display hint text
00:03 +44: D:/LEARN_FLUTTER/MyFellow4U/test/widget/custom_text_field_test.dart: CustomTextField Widget Tests should display hint text
00:03 +45: D:/LEARN_FLUTTER/MyFellow4U/test/widget/custom_text_field_test.dart: CustomTextField Widget Tests should display hint text
00:03 +46: D:/LEARN_FLUTTER/MyFellow4U/test/widget/custom_text_field_test.dart: CustomTextField Widget Tests should display hint text
00:03 +47: D:/LEARN_FLUTTER/MyFellow4U/test/widget/custom_text_field_test.dart: CustomTextField Widget Tests should display hint text
00:04 +48: D:/LEARN_FLUTTER/MyFellow4U/test/widget/login_screen_test.dart: LoginScreen Widget Tests should display Sign In title
00:04 +49: D:/LEARN_FLUTTER/MyFellow4U/test/widget/login_screen_test.dart: LoginScreen Widget Tests should display Sign In title
00:04 +50: D:/LEARN_FLUTTER/MyFellow4U/test/widget/login_screen_test.dart: LoginScreen Widget Tests should display Sign In title
00:04 +51: D:/LEARN_FLUTTER/MyFellow4U/test/widget/login_screen_test.dart: LoginScreen Widget Tests should display Sign In title
00:04 +52: D:/LEARN_FLUTTER/MyFellow4U/test/widget/login_screen_test.dart: LoginScreen Widget Tests should display Sign In title
00:04 +53: D:/LEARN_FLUTTER/MyFellow4U/test/widget/login_screen_test.dart: LoginScreen Widget Tests should display Sign In title
00:04 +54: D:/LEARN_FLUTTER/MyFellow4U/test/widget/custom_text_field_test.dart: CustomPasswordField Widget Tests should have visibility toggle button
00:04 +55: D:/LEARN_FLUTTER/MyFellow4U/test/widget/login_screen_test.dart: LoginScreen Widget Tests should display email and password fields
00:04 +56: D:/LEARN_FLUTTER/MyFellow4U/test/widget/custom_text_field_test.dart: CustomPasswordField Widget Tests should toggle visibility on tap
00:04 +57: D:/LEARN_FLUTTER/MyFellow4U/test/widget/login_screen_test.dart: LoginScreen Widget Tests should display Sign In button
00:04 +58: D:/LEARN_FLUTTER/MyFellow4U/test/widget/custom_text_field_test.dart: CustomPasswordField Widget Tests should obscure text by default
00:04 +59: D:/LEARN_FLUTTER/MyFellow4U/test/widget/login_screen_test.dart: LoginScreen Widget Tests should display Forgot Password link
00:04 +60: D:/LEARN_FLUTTER/MyFellow4U/test/widget/login_screen_test.dart: LoginScreen Widget Tests should display Sign Up link
00:05 +61: D:/LEARN_FLUTTER/MyFellow4U/test/widget/login_screen_test.dart: LoginScreen Widget Tests should display social login options
00:05 +62: D:/LEARN_FLUTTER/MyFellow4U/test/widget/login_screen_test.dart: LoginScreen Widget Tests should display Welcome back text
00:05 +63: D:/LEARN_FLUTTER/MyFellow4U/test/widget/login_screen_test.dart: LoginScreen Widget Tests should display Email label
00:05 +64: D:/LEARN_FLUTTER/MyFellow4U/test/widget/login_screen_test.dart: LoginScreen Widget Tests should display Password label
00:05 +65: All tests passed!
